Flow report for ksa
Tue Mar 16 03:15:55 2021
Quartus II 64-Bit Version 14.1.0 Build 186 12/03/2014 SJ Web Edition


---------------------
; Table of Contents ;
---------------------
  1. Legal Notice
  2. Flow Summary
  3. Flow Settings
  4. Flow Non-Default Global Settings
  5. Flow Elapsed Time
  6. Flow OS Summary
  7. Flow Log
  8. Flow Messages
  9. Flow Suppressed Messages



----------------
; Legal Notice ;
----------------
Copyright (C) 1991-2014 Altera Corporation. All rights reserved.
Your use of Altera Corporation's design tools, logic functions 
and other software and tools, and its AMPP partner logic 
functions, and any output files from any of the foregoing 
(including device programming or simulation files), and any 
associated documentation or information are expressly subject 
to the terms and conditions of the Altera Program License 
Subscription Agreement, the Altera Quartus II License Agreement,
the Altera MegaCore Function License Agreement, or other 
applicable license agreement, including, without limitation, 
that your use is for the sole purpose of programming logic 
devices manufactured by Altera and sold by Altera or its 
authorized distributors.  Please refer to the applicable 
agreement for further details.



+------------------------------------------------------------------------------+
; Flow Summary                                                                 ;
+---------------------------------+--------------------------------------------+
; Flow Status                     ; Successful - Tue Mar 16 03:15:55 2021      ;
; Quartus II 64-Bit Version       ; 14.1.0 Build 186 12/03/2014 SJ Web Edition ;
; Revision Name                   ; ksa                                        ;
; Top-level Entity Name           ; ksatask2                                   ;
; Family                          ; Cyclone V                                  ;
; Device                          ; 5CSEMA5F31C6                               ;
; Timing Models                   ; Final                                      ;
; Logic utilization (in ALMs)     ; 156 / 32,070 ( < 1 % )                     ;
; Total registers                 ; 201                                        ;
; Total pins                      ; 67 / 457 ( 15 % )                          ;
; Total virtual pins              ; 0                                          ;
; Total block memory bits         ; 2,048 / 4,065,280 ( < 1 % )                ;
; Total DSP Blocks                ; 0 / 87 ( 0 % )                             ;
; Total HSSI RX PCSs              ; 0                                          ;
; Total HSSI PMA RX Deserializers ; 0                                          ;
; Total HSSI TX PCSs              ; 0                                          ;
; Total HSSI PMA TX Serializers   ; 0                                          ;
; Total PLLs                      ; 0 / 6 ( 0 % )                              ;
; Total DLLs                      ; 0 / 4 ( 0 % )                              ;
+---------------------------------+--------------------------------------------+


+-----------------------------------------+
; Flow Settings                           ;
+-------------------+---------------------+
; Option            ; Setting             ;
+-------------------+---------------------+
; Start date & time ; 03/16/2021 03:13:12 ;
; Main task         ; Compilation         ;
; Revision Name     ; ksa                 ;
+-------------------+---------------------+


+-------------------------------------------------------------------------------------------------------------------------------------+
; Flow Non-Default Global Settings                                                                                                    ;
+-------------------------------------+---------------------------------------+---------------+----------------------+----------------+
; Assignment Name                     ; Value                                 ; Default Value ; Entity Name          ; Section Id     ;
+-------------------------------------+---------------------------------------+---------------+----------------------+----------------+
; COMPILER_SIGNATURE_ID               ; 121381999377.161588959204200          ; --            ; --                   ; --             ;
; EDA_OUTPUT_DATA_FORMAT              ; Verilog Hdl                           ; --            ; --                   ; eda_simulation ;
; EDA_SIMULATION_TOOL                 ; ModelSim-Altera (Verilog)             ; <None>        ; --                   ; --             ;
; MAX_CORE_JUNCTION_TEMP              ; 85                                    ; --            ; --                   ; --             ;
; MIN_CORE_JUNCTION_TEMP              ; 0                                     ; --            ; --                   ; --             ;
; MISC_FILE                           ; s_memory.bsf                          ; --            ; --                   ; --             ;
; MISC_FILE                           ; s_memory_inst.v                       ; --            ; --                   ; --             ;
; MISC_FILE                           ; s_memory_bb.v                         ; --            ; --                   ; --             ;
; PARTITION_COLOR                     ; 16764057                              ; --            ; ksatask2             ; Top            ;
; PARTITION_COLOR                     ; 16764057                              ; --            ; simple_ipod_solution ; Top            ;
; PARTITION_FITTER_PRESERVATION_LEVEL ; PLACEMENT_AND_ROUTING                 ; --            ; ksatask2             ; Top            ;
; PARTITION_FITTER_PRESERVATION_LEVEL ; PLACEMENT_AND_ROUTING                 ; --            ; simple_ipod_solution ; Top            ;
; PARTITION_NETLIST_TYPE              ; SOURCE                                ; --            ; ksatask2             ; Top            ;
; PARTITION_NETLIST_TYPE              ; SOURCE                                ; --            ; simple_ipod_solution ; Top            ;
; POWER_BOARD_THERMAL_MODEL           ; None (CONSERVATIVE)                   ; --            ; --                   ; --             ;
; POWER_PRESET_COOLING_SOLUTION       ; 23 MM HEAT SINK WITH 200 LFPM AIRFLOW ; --            ; --                   ; --             ;
; PROJECT_OUTPUT_DIRECTORY            ; output_files                          ; --            ; --                   ; --             ;
; TOP_LEVEL_ENTITY                    ; ksatask2                              ; ksa           ; --                   ; --             ;
+-------------------------------------+---------------------------------------+---------------+----------------------+----------------+


+-------------------------------------------------------------------------------------------------------------------------------+
; Flow Elapsed Time                                                                                                             ;
+---------------------------+--------------+-------------------------+---------------------+------------------------------------+
; Module Name               ; Elapsed Time ; Average Processors Used ; Peak Virtual Memory ; Total CPU Time (on all processors) ;
+---------------------------+--------------+-------------------------+---------------------+------------------------------------+
; Analysis & Synthesis      ; 00:00:47     ; 1.0                     ; 4871 MB             ; 00:00:38                           ;
; Fitter                    ; 00:01:10     ; 1.3                     ; 6479 MB             ; 00:01:04                           ;
; Assembler                 ; 00:00:12     ; 1.0                     ; 4835 MB             ; 00:00:11                           ;
; TimeQuest Timing Analyzer ; 00:00:16     ; 1.1                     ; 5149 MB             ; 00:00:10                           ;
; EDA Netlist Writer        ; 00:00:02     ; 1.0                     ; 4755 MB             ; 00:00:02                           ;
; Total                     ; 00:02:27     ; --                      ; --                  ; 00:02:05                           ;
+---------------------------+--------------+-------------------------+---------------------+------------------------------------+


+----------------------------------------------------------------------------------------+
; Flow OS Summary                                                                        ;
+---------------------------+------------------+-----------+------------+----------------+
; Module Name               ; Machine Hostname ; OS Name   ; OS Version ; Processor type ;
+---------------------------+------------------+-----------+------------+----------------+
; Analysis & Synthesis      ; DESKTOP-V8AREDT  ; Windows 7 ; 6.2        ; x86_64         ;
; Fitter                    ; DESKTOP-V8AREDT  ; Windows 7 ; 6.2        ; x86_64         ;
; Assembler                 ; DESKTOP-V8AREDT  ; Windows 7 ; 6.2        ; x86_64         ;
; TimeQuest Timing Analyzer ; DESKTOP-V8AREDT  ; Windows 7 ; 6.2        ; x86_64         ;
; EDA Netlist Writer        ; DESKTOP-V8AREDT  ; Windows 7 ; 6.2        ; x86_64         ;
+---------------------------+------------------+-----------+------------+----------------+


------------
; Flow Log ;
------------
quartus_map --read_settings_files=on --write_settings_files=off lab4rc4 -c ksa
quartus_fit --read_settings_files=off --write_settings_files=off lab4rc4 -c ksa
quartus_asm --read_settings_files=off --write_settings_files=off lab4rc4 -c ksa
quartus_sta lab4rc4 -c ksa
quartus_eda --read_settings_files=off --write_settings_files=off lab4rc4 -c ksa



